# TTS OTIMIZADO v7.0 - QUALIDADE E SINCRONIZAÇÃO PERFEITAS
# Timestamp: 2025-10-26 22:22:11.564
# ================================================
[2025-10-26 22:22:11.564] OPTIMIZED_START: file=/home/kadabra/Documentos/projetos/back/DubAI/output/transcription.vtt
[2025-10-26 22:22:11.983] AUDIO_QUALITY_ADVANCED: mean=-24,7dB, max=-4,7dB, dynamic=76,1dB, spectral=100,0, voice=true, content=true, clipped=false, snr=63,3
[2025-10-26 22:22:11.983] SEGMENT_RAW_RESULT: idx=1, scale=1,150, vtt_dur=8,168, raw_dur=8,106, precision=99,2%, voice=true, volume=-24,7dB, quality=100,0
[2025-10-26 22:22:11.985] SEGMENT_FINAL_RESULT: idx=1, final_dur=8,106, adjusted=true, file=audio_001.wav, attempts=1
[2025-10-26 22:22:12.613] AUDIO_QUALITY_ADVANCED: mean=-24,9dB, max=-2,5dB, dynamic=72,4dB, spectral=100,0, voice=true, content=true, clipped=false, snr=61,3
[2025-10-26 22:22:12.613] SEGMENT_RAW_RESULT: idx=2, scale=1,150, vtt_dur=22,900, raw_dur=24,825, precision=91,6%, voice=true, volume=-24,9dB, quality=100,0
[2025-10-26 22:22:12.717] AUDIO_QUALITY_ADVANCED: mean=-24,9dB, max=-2,5dB, dynamic=73,1dB, spectral=100,0, voice=true, content=true, clipped=false, snr=61,7
[2025-10-26 22:22:12.755] SEGMENT_FINAL_RESULT: idx=2, final_dur=22,915, adjusted=true, file=audio_002.wav, attempts=1
[2025-10-26 22:22:13.363] AUDIO_QUALITY_ADVANCED: mean=-25,0dB, max=-3,3dB, dynamic=69,8dB, spectral=100,0, voice=true, content=true, clipped=false, snr=59,9
[2025-10-26 22:22:13.363] SEGMENT_RAW_RESULT: idx=3, scale=1,127, vtt_dur=19,760, raw_dur=24,872, precision=74,1%, voice=true, volume=-25,0dB, quality=100,0
[2025-10-26 22:22:13.465] AUDIO_QUALITY_ADVANCED: mean=-25,1dB, max=-4,3dB, dynamic=69,6dB, spectral=100,0, voice=true, content=true, clipped=false, snr=59,7
[2025-10-26 22:22:13.502] SEGMENT_FINAL_RESULT: idx=3, final_dur=19,761, adjusted=true, file=audio_003.wav, attempts=1
[2025-10-26 22:22:14.096] AUDIO_QUALITY_ADVANCED: mean=-25,0dB, max=-2,4dB, dynamic=78,9dB, spectral=100,0, voice=true, content=true, clipped=false, snr=64,5
[2025-10-26 22:22:14.096] SEGMENT_RAW_RESULT: idx=4, scale=1,150, vtt_dur=24,891, raw_dur=24,672, precision=99,1%, voice=true, volume=-25,0dB, quality=100,0
[2025-10-26 22:22:14.100] SEGMENT_FINAL_RESULT: idx=4, final_dur=24,672, adjusted=true, file=audio_004.wav, attempts=1
[2025-10-26 22:22:14.615] AUDIO_QUALITY_ADVANCED: mean=-24,9dB, max=-4,2dB, dynamic=71,6dB, spectral=100,0, voice=true, content=true, clipped=false, snr=60,9
[2025-10-26 22:22:14.615] SEGMENT_RAW_RESULT: idx=5, scale=1,150, vtt_dur=18,242, raw_dur=17,163, precision=94,1%, voice=true, volume=-24,9dB, quality=100,0
[2025-10-26 22:22:14.710] AUDIO_QUALITY_ADVANCED: mean=-24,8dB, max=-4,2dB, dynamic=90,1dB, spectral=100,0, voice=true, content=true, clipped=false, snr=70,2
[2025-10-26 22:22:14.748] SEGMENT_FINAL_RESULT: idx=5, final_dur=18,226, adjusted=true, file=audio_005.wav, attempts=1
[2025-10-26 22:22:15.260] AUDIO_QUALITY_ADVANCED: mean=-24,8dB, max=-5,3dB, dynamic=93,9dB, spectral=100,0, voice=true, content=true, clipped=false, snr=72,1
[2025-10-26 22:22:15.260] SEGMENT_RAW_RESULT: idx=6, scale=1,127, vtt_dur=15,390, raw_dur=16,406, precision=93,4%, voice=true, volume=-24,8dB, quality=100,0
[2025-10-26 22:22:15.356] AUDIO_QUALITY_ADVANCED: mean=-24,7dB, max=-5,3dB, dynamic=78,9dB, spectral=100,0, voice=true, content=true, clipped=false, snr=64,8
[2025-10-26 22:22:15.393] SEGMENT_FINAL_RESULT: idx=6, final_dur=15,394, adjusted=true, file=audio_006.wav, attempts=1
[2025-10-26 22:22:15.869] AUDIO_QUALITY_ADVANCED: mean=-25,3dB, max=-4,5dB, dynamic=70,7dB, spectral=100,0, voice=true, content=true, clipped=false, snr=60,1
[2025-10-26 22:22:15.869] SEGMENT_RAW_RESULT: idx=7, scale=1,150, vtt_dur=19,795, raw_dur=17,539, precision=88,6%, voice=true, volume=-25,3dB, quality=100,0
[2025-10-26 22:22:15.970] AUDIO_QUALITY_ADVANCED: mean=-25,2dB, max=-4,5dB, dynamic=71,7dB, spectral=100,0, voice=true, content=true, clipped=false, snr=60,6
[2025-10-26 22:22:16.008] SEGMENT_FINAL_RESULT: idx=7, final_dur=19,774, adjusted=true, file=audio_007.wav, attempts=1
[2025-10-26 22:22:16.531] AUDIO_QUALITY_ADVANCED: mean=-24,9dB, max=-5,3dB, dynamic=70,1dB, spectral=100,0, voice=true, content=true, clipped=false, snr=60,2
[2025-10-26 22:22:16.531] SEGMENT_RAW_RESULT: idx=8, scale=1,150, vtt_dur=19,845, raw_dur=17,977, precision=90,6%, voice=true, volume=-24,9dB, quality=100,0
[2025-10-26 22:22:16.629] AUDIO_QUALITY_ADVANCED: mean=-24,8dB, max=-5,3dB, dynamic=73,0dB, spectral=100,0, voice=true, content=true, clipped=false, snr=61,7
[2025-10-26 22:22:16.666] SEGMENT_FINAL_RESULT: idx=8, final_dur=19,829, adjusted=true, file=audio_008.wav, attempts=1
[2025-10-26 22:22:17.149] AUDIO_QUALITY_ADVANCED: mean=-24,7dB, max=-3,9dB, dynamic=106,0dB, spectral=100,0, voice=true, content=true, clipped=false, snr=78,3
[2025-10-26 22:22:17.150] SEGMENT_RAW_RESULT: idx=9, scale=1,150, vtt_dur=13,568, raw_dur=14,277, precision=94,8%, voice=true, volume=-24,7dB, quality=100,0
[2025-10-26 22:22:17.247] AUDIO_QUALITY_ADVANCED: mean=-24,7dB, max=-3,9dB, dynamic=0,0dB, spectral=79,2, voice=true, content=true, clipped=false, snr=25,3
[2025-10-26 22:22:17.284] SEGMENT_FINAL_RESULT: idx=9, final_dur=13,545, adjusted=true, file=audio_009.wav, attempts=1
[2025-10-26 22:22:17.847] AUDIO_QUALITY_ADVANCED: mean=-25,1dB, max=-5,4dB, dynamic=66,3dB, spectral=100,0, voice=true, content=true, clipped=false, snr=58,1
[2025-10-26 22:22:17.847] SEGMENT_RAW_RESULT: idx=10, scale=1,150, vtt_dur=21,870, raw_dur=21,623, precision=98,9%, voice=true, volume=-25,1dB, quality=100,0
[2025-10-26 22:22:17.850] SEGMENT_FINAL_RESULT: idx=10, final_dur=21,623, adjusted=true, file=audio_010.wav, attempts=1
[2025-10-26 22:22:18.527] AUDIO_QUALITY_ADVANCED: mean=-24,8dB, max=-3,7dB, dynamic=102,4dB, spectral=100,0, voice=true, content=true, clipped=false, snr=76,4
[2025-10-26 22:22:18.527] SEGMENT_RAW_RESULT: idx=11, scale=1,150, vtt_dur=26,342, raw_dur=26,835, precision=98,1%, voice=true, volume=-24,8dB, quality=100,0
[2025-10-26 22:22:18.530] SEGMENT_FINAL_RESULT: idx=11, final_dur=26,835, adjusted=true, file=audio_011.wav, attempts=1
[2025-10-26 22:22:19.118] AUDIO_QUALITY_ADVANCED: mean=-25,1dB, max=-4,2dB, dynamic=70,5dB, spectral=100,0, voice=true, content=true, clipped=false, snr=60,2
[2025-10-26 22:22:19.118] SEGMENT_RAW_RESULT: idx=12, scale=1,150, vtt_dur=22,173, raw_dur=22,998, precision=96,3%, voice=true, volume=-25,1dB, quality=100,0
[2025-10-26 22:22:19.226] AUDIO_QUALITY_ADVANCED: mean=-25,0dB, max=-4,2dB, dynamic=70,2dB, spectral=100,0, voice=true, content=true, clipped=false, snr=60,1
[2025-10-26 22:22:19.264] SEGMENT_FINAL_RESULT: idx=12, final_dur=22,188, adjusted=true, file=audio_012.wav, attempts=1
[2025-10-26 22:22:19.832] AUDIO_QUALITY_ADVANCED: mean=-24,8dB, max=-4,6dB, dynamic=68,4dB, spectral=100,0, voice=true, content=true, clipped=false, snr=59,4
[2025-10-26 22:22:19.832] SEGMENT_RAW_RESULT: idx=13, scale=1,150, vtt_dur=24,452, raw_dur=20,961, precision=85,7%, voice=true, volume=-24,8dB, quality=100,0
[2025-10-26 22:22:19.939] AUDIO_QUALITY_ADVANCED: mean=-24,7dB, max=-4,6dB, dynamic=65,9dB, spectral=100,0, voice=true, content=true, clipped=false, snr=58,2
[2025-10-26 22:22:19.977] SEGMENT_FINAL_RESULT: idx=13, final_dur=24,437, adjusted=true, file=audio_013.wav, attempts=1
[2025-10-26 22:22:20.473] AUDIO_QUALITY_ADVANCED: mean=-24,5dB, max=-3,1dB, dynamic=97,1dB, spectral=100,0, voice=true, content=true, clipped=false, snr=74,0
[2025-10-26 22:22:20.473] SEGMENT_RAW_RESULT: idx=14, scale=1,150, vtt_dur=16,926, raw_dur=15,474, precision=91,4%, voice=true, volume=-24,5dB, quality=100,0
[2025-10-26 22:22:20.571] AUDIO_QUALITY_ADVANCED: mean=-24,4dB, max=-3,1dB, dynamic=101,2dB, spectral=100,0, voice=true, content=true, clipped=false, snr=76,2
[2025-10-26 22:22:20.607] SEGMENT_FINAL_RESULT: idx=14, final_dur=16,906, adjusted=true, file=audio_014.wav, attempts=1
[2025-10-26 22:22:21.176] AUDIO_QUALITY_ADVANCED: mean=-24,8dB, max=-2,2dB, dynamic=71,1dB, spectral=100,0, voice=true, content=true, clipped=false, snr=60,7
[2025-10-26 22:22:21.176] SEGMENT_RAW_RESULT: idx=15, scale=1,150, vtt_dur=22,478, raw_dur=21,615, precision=96,2%, voice=true, volume=-24,8dB, quality=100,0
[2025-10-26 22:22:21.282] AUDIO_QUALITY_ADVANCED: mean=-24,7dB, max=-2,2dB, dynamic=71,7dB, spectral=100,0, voice=true, content=true, clipped=false, snr=61,1
[2025-10-26 22:22:21.319] SEGMENT_FINAL_RESULT: idx=15, final_dur=22,467, adjusted=true, file=audio_015.wav, attempts=1
[2025-10-26 22:22:21.751] AUDIO_QUALITY_ADVANCED: mean=-25,1dB, max=-5,0dB, dynamic=72,9dB, spectral=100,0, voice=true, content=true, clipped=false, snr=61,4
[2025-10-26 22:22:21.752] SEGMENT_RAW_RESULT: idx=16, scale=1,127, vtt_dur=11,660, raw_dur=13,480, precision=84,4%, voice=true, volume=-25,1dB, quality=100,0
[2025-10-26 22:22:21.844] AUDIO_QUALITY_ADVANCED: mean=-25,0dB, max=-5,0dB, dynamic=71,4dB, spectral=100,0, voice=true, content=true, clipped=false, snr=60,7
[2025-10-26 22:22:21.881] SEGMENT_FINAL_RESULT: idx=16, final_dur=11,678, adjusted=true, file=audio_016.wav, attempts=1
[2025-10-26 22:22:22.363] AUDIO_QUALITY_ADVANCED: mean=-25,5dB, max=-4,4dB, dynamic=72,8dB, spectral=100,0, voice=true, content=true, clipped=false, snr=60,9
[2025-10-26 22:22:22.363] SEGMENT_RAW_RESULT: idx=17, scale=1,150, vtt_dur=20,401, raw_dur=18,811, precision=92,2%, voice=true, volume=-25,5dB, quality=100,0
[2025-10-26 22:22:22.465] AUDIO_QUALITY_ADVANCED: mean=-25,3dB, max=-4,5dB, dynamic=74,3dB, spectral=100,0, voice=true, content=true, clipped=false, snr=61,8
[2025-10-26 22:22:22.503] SEGMENT_FINAL_RESULT: idx=17, final_dur=20,385, adjusted=true, file=audio_017.wav, attempts=1
[2025-10-26 22:22:23.122] AUDIO_QUALITY_ADVANCED: mean=-25,0dB, max=-4,2dB, dynamic=71,4dB, spectral=100,0, voice=true, content=true, clipped=false, snr=60,7
[2025-10-26 22:22:23.122] SEGMENT_RAW_RESULT: idx=18, scale=1,150, vtt_dur=28,469, raw_dur=26,947, precision=94,7%, voice=true, volume=-25,0dB, quality=100,0
[2025-10-26 22:22:23.236] AUDIO_QUALITY_ADVANCED: mean=-24,9dB, max=-4,2dB, dynamic=70,7dB, spectral=100,0, voice=true, content=true, clipped=false, snr=60,5
[2025-10-26 22:22:23.275] SEGMENT_FINAL_RESULT: idx=18, final_dur=28,458, adjusted=true, file=audio_018.wav, attempts=1
[2025-10-26 22:22:23.850] AUDIO_QUALITY_ADVANCED: mean=-24,8dB, max=-3,8dB, dynamic=71,4dB, spectral=100,0, voice=true, content=true, clipped=false, snr=60,9
[2025-10-26 22:22:23.850] SEGMENT_RAW_RESULT: idx=19, scale=1,150, vtt_dur=24,705, raw_dur=23,151, precision=93,7%, voice=true, volume=-24,8dB, quality=100,0
[2025-10-26 22:22:23.957] AUDIO_QUALITY_ADVANCED: mean=-24,7dB, max=-4,0dB, dynamic=71,0dB, spectral=100,0, voice=true, content=true, clipped=false, snr=60,8
[2025-10-26 22:22:23.994] SEGMENT_FINAL_RESULT: idx=19, final_dur=24,698, adjusted=true, file=audio_019.wav, attempts=1
[2025-10-26 22:22:24.399] AUDIO_QUALITY_ADVANCED: mean=-25,0dB, max=-5,5dB, dynamic=87,5dB, spectral=100,0, voice=true, content=true, clipped=false, snr=68,8
[2025-10-26 22:22:24.399] SEGMENT_RAW_RESULT: idx=20, scale=1,150, vtt_dur=11,627, raw_dur=11,889, precision=97,7%, voice=true, volume=-25,0dB, quality=100,0
[2025-10-26 22:22:24.401] SEGMENT_FINAL_RESULT: idx=20, final_dur=11,889, adjusted=true, file=audio_020.wav, attempts=1
[2025-10-26 22:22:24.959] AUDIO_QUALITY_ADVANCED: mean=-25,0dB, max=-3,1dB, dynamic=72,9dB, spectral=100,0, voice=true, content=true, clipped=false, snr=61,5
[2025-10-26 22:22:24.960] SEGMENT_RAW_RESULT: idx=21, scale=1,150, vtt_dur=27,051, raw_dur=22,208, precision=82,1%, voice=true, volume=-25,0dB, quality=100,0
[2025-10-26 22:22:25.074] AUDIO_QUALITY_ADVANCED: mean=-24,9dB, max=-3,1dB, dynamic=70,3dB, spectral=100,0, voice=true, content=true, clipped=false, snr=60,2
[2025-10-26 22:22:25.114] SEGMENT_FINAL_RESULT: idx=21, final_dur=27,043, adjusted=true, file=audio_021.wav, attempts=1
[2025-10-26 22:22:25.711] AUDIO_QUALITY_ADVANCED: mean=-24,9dB, max=-1,6dB, dynamic=73,3dB, spectral=100,0, voice=true, content=true, clipped=false, snr=61,8
[2025-10-26 22:22:25.711] SEGMENT_RAW_RESULT: idx=22, scale=1,150, vtt_dur=24,587, raw_dur=24,557, precision=99,9%, voice=true, volume=-24,9dB, quality=100,0
[2025-10-26 22:22:25.715] SEGMENT_FINAL_RESULT: idx=22, final_dur=24,557, adjusted=true, file=audio_022.wav, attempts=1
[2025-10-26 22:22:26.339] AUDIO_QUALITY_ADVANCED: mean=-25,0dB, max=-2,7dB, dynamic=68,9dB, spectral=100,0, voice=true, content=true, clipped=false, snr=59,5
[2025-10-26 22:22:26.339] SEGMENT_RAW_RESULT: idx=23, scale=1,127, vtt_dur=26,933, raw_dur=27,213, precision=99,0%, voice=true, volume=-25,0dB, quality=100,0
[2025-10-26 22:22:26.343] SEGMENT_FINAL_RESULT: idx=23, final_dur=27,213, adjusted=true, file=audio_023.wav, attempts=1
[2025-10-26 22:22:26.790] AUDIO_QUALITY_ADVANCED: mean=-25,1dB, max=-2,9dB, dynamic=71,3dB, spectral=100,0, voice=true, content=true, clipped=false, snr=60,5
[2025-10-26 22:22:26.791] SEGMENT_RAW_RESULT: idx=24, scale=1,150, vtt_dur=17,820, raw_dur=14,999, precision=84,2%, voice=true, volume=-25,1dB, quality=100,0
[2025-10-26 22:22:26.891] AUDIO_QUALITY_ADVANCED: mean=-25,0dB, max=-3,0dB, dynamic=71,8dB, spectral=100,0, voice=true, content=true, clipped=false, snr=60,9
[2025-10-26 22:22:26.927] SEGMENT_FINAL_RESULT: idx=24, final_dur=17,802, adjusted=true, file=audio_024.wav, attempts=1
[2025-10-26 22:22:27.488] AUDIO_QUALITY_ADVANCED: mean=-24,9dB, max=-2,7dB, dynamic=70,2dB, spectral=100,0, voice=true, content=true, clipped=false, snr=60,2
[2025-10-26 22:22:27.488] SEGMENT_RAW_RESULT: idx=25, scale=1,127, vtt_dur=16,487, raw_dur=21,278, precision=70,9%, voice=true, volume=-24,9dB, quality=100,0
[2025-10-26 22:22:27.588] AUDIO_QUALITY_ADVANCED: mean=-24,9dB, max=-2,7dB, dynamic=72,4dB, spectral=100,0, voice=true, content=true, clipped=false, snr=61,3
[2025-10-26 22:22:27.624] SEGMENT_FINAL_RESULT: idx=25, final_dur=16,484, adjusted=true, file=audio_025.wav, attempts=1
[2025-10-26 22:22:28.200] AUDIO_QUALITY_ADVANCED: mean=-25,0dB, max=-3,8dB, dynamic=69,8dB, spectral=100,0, voice=true, content=true, clipped=false, snr=59,9
[2025-10-26 22:22:28.200] SEGMENT_RAW_RESULT: idx=26, scale=1,150, vtt_dur=29,852, raw_dur=23,325, precision=78,1%, voice=true, volume=-25,0dB, quality=100,0
[2025-10-26 22:22:28.311] AUDIO_QUALITY_ADVANCED: mean=-24,9dB, max=-3,9dB, dynamic=69,5dB, spectral=100,0, voice=true, content=true, clipped=false, snr=59,8
[2025-10-26 22:22:28.349] SEGMENT_FINAL_RESULT: idx=26, final_dur=29,830, adjusted=true, file=audio_026.wav, attempts=1
[2025-10-26 22:22:28.841] AUDIO_QUALITY_ADVANCED: mean=-25,2dB, max=-2,9dB, dynamic=76,2dB, spectral=100,0, voice=true, content=true, clipped=false, snr=62,9
[2025-10-26 22:22:28.842] SEGMENT_RAW_RESULT: idx=27, scale=1,150, vtt_dur=21,127, raw_dur=19,486, precision=92,2%, voice=true, volume=-25,2dB, quality=100,0
[2025-10-26 22:22:28.945] AUDIO_QUALITY_ADVANCED: mean=-25,0dB, max=-3,2dB, dynamic=78,4dB, spectral=100,0, voice=true, content=true, clipped=false, snr=64,2
[2025-10-26 22:22:28.982] SEGMENT_FINAL_RESULT: idx=27, final_dur=21,111, adjusted=true, file=audio_027.wav, attempts=1
[2025-10-26 22:22:29.537] AUDIO_QUALITY_ADVANCED: mean=-24,8dB, max=-2,1dB, dynamic=89,0dB, spectral=100,0, voice=true, content=true, clipped=false, snr=69,7
[2025-10-26 22:22:29.537] SEGMENT_RAW_RESULT: idx=28, scale=1,150, vtt_dur=20,301, raw_dur=20,670, precision=98,2%, voice=true, volume=-24,8dB, quality=100,0
[2025-10-26 22:22:29.540] SEGMENT_FINAL_RESULT: idx=28, final_dur=20,670, adjusted=true, file=audio_028.wav, attempts=1
[2025-10-26 22:22:30.133] AUDIO_QUALITY_ADVANCED: mean=-25,1dB, max=-4,6dB, dynamic=76,2dB, spectral=100,0, voice=true, content=true, clipped=false, snr=63,0
[2025-10-26 22:22:30.133] SEGMENT_RAW_RESULT: idx=29, scale=1,150, vtt_dur=24,199, raw_dur=24,709, precision=97,9%, voice=true, volume=-25,1dB, quality=100,0
[2025-10-26 22:22:30.140] SEGMENT_FINAL_RESULT: idx=29, final_dur=24,709, adjusted=true, file=audio_029.wav, attempts=1
[2025-10-26 22:22:34.902] AUDIO_QUALITY_ADVANCED: mean=-31,1dB, max=-7,6dB, dynamic=0,0dB, spectral=50,0, voice=false, content=true, clipped=false, snr=18,9
[2025-10-26 22:22:34.903] CALIBRATION_RESULT: scale=1,150, duration=624,955/624,955, precision=100,0%, voice=29/29, volume=-25,0dB, quality=81,3
[2025-10-26 22:22:35.706] AUDIO_QUALITY_ADVANCED: mean=-31,1dB, max=-7,6dB, dynamic=0,0dB, spectral=50,0, voice=false, content=true, clipped=false, snr=18,9
[2025-10-26 22:22:35.753] CACHE_SAVED: scale=1,150, silence=1,100, speed=1,000, boost=0,0dB
[2025-10-26 22:22:35.797] OPTIMIZED_FINAL_REPORT: segments=29, voice_segments=29, quality_segments=29, precision=100,00%, final_volume=-31,1dB, overall_quality=36,8, perfect_result=false
